0000000001,20250515,20250610,20534,10000,10000,534,50000,0,40000,0,10000,0.15
