1,20250515
2,1,3540000000000001,20250515,20250610,60000,10000,50000,0,山田　太郎,恵比寿１−１,500000,50000,0,0,0,50000,0.15
2,2,3540000000000001,20250512,SPリボ,Red Hat,50000
2,2,3540000000000001,20250512,SP1回,Red Hat,10000
9
