0000000001,20250515,20250610,60000,10000,50000,0,3540000000000001,山田　太郎,恵比寿１−１,500000,50000,0,0,0,50000,0.15
