1,0000000001,3540000000000001,20250515,SPリボ,20250512,Red Hat,50000
2,0000000001,3540000000000001,20250515,SP1回,20250512,Red Hat,10000
