0000000001,3540000000000001,山田　太郎,恵比寿１−１,500000,0,10000,0.15
