0000000001,20250515,20250610,60000,10000,50000,0,50000,0,0,0,50000,0.15
